// Jest Snapshot v1, https://goo.gl/fbAQLP

exports[`Matches Snapshot 1`] = `
<div
  className="container mx-auto"
>
  <div
    className="mt-10 text-white text-base"
  >
    <div
      className="mb-12"
    >
      <div
        className="grid grid-cols-8 sticky top-0 bg-[rgb(22,22,22)]"
      >
        <div
          className="p-3 col-span-1"
        >
          #
        </div>
        <div
          className="p-3 col-span-3"
        >
          Title
        </div>
        <div
          className="p-3 col-span-3"
        >
          Collection
        </div>
        <div
          className="p-3 col-span-1"
        >
          <svg
            aria-hidden="true"
            className="w-7 h-7"
            fill="none"
            stroke="currentColor"
            strokeWidth={2}
            viewBox="0 0 24 24"
            xmlns="http://www.w3.org/2000/svg"
          >
            <path
              d="M4.318 6.318a4.5 4.5 0 000 6.364L12 20.364l7.682-7.682a4.5 4.5 0 00-6.364-6.364L12 7.636l-1.318-1.318a4.5 4.5 0 00-6.364 0z"
              strokeLinecap="round"
              strokeLinejoin="round"
            />
          </svg>
        </div>
      </div>
      <div
        className="rounded-md flex flex-col gap-3"
      >
        <div
          className="items-center grid grid-cols-8 gap-y-1 bg-slate-700 hover:bg-slate-500 transition-all duration-300 rounded-md "
        >
          <div
            className="px-3 py-2 col-span-1"
          >
            1
          </div>
          <div
            className="px-3 py-2 col-span-3"
            data-testid={1}
          >
            Ali Gatie
          </div>
          <div
            className="px-3 py-2 col-span-3"
          >
            Royal Sadness
          </div>
          <div
            className="px-3 py-2 col-span-1"
          >
            <button
              className="px-3 py-1 bg-slate-500 rounded hover:bg-neutral-900 text-white"
              onClick={[Function]}
              type="button"
            >
              <svg
                aria-hidden="true"
                className="w-5 h-5 text-red-500"
                fill="currentColor"
                viewBox="0 0 20 20"
                xmlns="http://www.w3.org/2000/svg"
              >
                <path
                  clipRule="evenodd"
                  d="M3.172 5.172a4 4 0 015.656 0L10 6.343l1.172-1.171a4 4 0 115.656 5.656L10 17.657l-6.828-6.829a4 4 0 010-5.656z"
                  fillRule="evenodd"
                />
              </svg>
            </button>
          </div>
        </div>
      </div>
    </div>
  </div>
</div>
`;
